// Jest Snapshot v1, https://goo.gl/fbAQLP

exports[`Wishlist should be able to render 1`] = `
<div
  data-testid="Mock Showcase"
/>
`;
